// Jest Snapshot v1, https://goo.gl/fbAQLP

exports[`<Notification /> component should match the snapshot 1`] = `"<div class=\\"notification notification--info \\"><p class=\\"notification__text\\"></p></div>"`;
