// Jest Snapshot v1, https://goo.gl/fbAQLP

exports[`<Hand /> component should match the snapshot 1`] = `"<div class=\\"main-body__block main-body__block--hand\\"><div class=\\"body-header\\"><h3 class=\\"body-header__title\\">Hand</h3><div class=\\"body-header__counter\\">5 (0)</div></div><ul class=\\"cards-in-hand__list\\"><li class=\\"drawn-card slide-in\\" style=\\"left:0px;z-index:1;transform:translateX(-100%)\\"><img class=\\"drawn-card__image\\" src=\\"./assets/cards/2C.svg\\" alt=\\"Card: 2 of C\\" width=\\"100%\\"/></li><li class=\\"drawn-card slide-in\\" style=\\"left:28px;z-index:2;transform:translateX(-200%)\\"><img class=\\"drawn-card__image\\" src=\\"./assets/cards/3C.svg\\" alt=\\"Card: 3 of C\\" width=\\"100%\\"/></li><li class=\\"drawn-card slide-in\\" style=\\"left:56px;z-index:3;transform:translateX(-300%)\\"><img class=\\"drawn-card__image\\" src=\\"./assets/cards/4C.svg\\" alt=\\"Card: 4 of C\\" width=\\"100%\\"/></li><li class=\\"drawn-card slide-in\\" style=\\"left:84px;z-index:4;transform:translateX(-400%)\\"><img class=\\"drawn-card__image\\" src=\\"./assets/cards/5C.svg\\" alt=\\"Card: 5 of C\\" width=\\"100%\\"/></li><li class=\\"drawn-card slide-in\\" style=\\"left:112px;z-index:5;transform:translateX(-500%)\\"><img class=\\"drawn-card__image\\" src=\\"./assets/cards/6C.svg\\" alt=\\"Card: 6 of C\\" width=\\"100%\\"/></li></ul><div class=\\"card-controls\\"><button class=\\"btn control\\" type=\\"button\\">Sort</button></div></div>"`;
